<html>
<body>
<pre>
<h1>礦ision Build Log</h1>
<h2>Tool Versions:</h2>
IDE-Version: μVision V5.27.1.0
Copyright (C) 2019 ARM Ltd and ARM Germany GmbH. All rights reserved.
License Information: 0 Administrator, 0, LIC=NQQMA-1JR9U-BSPYX-H0KGQ-VZYPK-GPWB9
 
Tool Versions:
Toolchain:       MDK-ARM Plus  Version: 5.27.1.0
Toolchain Path:  C:\Keil_v5\ARM\ARMCC\Bin
C Compiler:      Armcc.exe V5.06 update 6 (build 750)
Assembler:       Armasm.exe V5.06 update 6 (build 750)
Linker/Locator:  ArmLink.exe V5.06 update 6 (build 750)
Library Manager: ArmAr.exe V5.06 update 6 (build 750)
Hex Converter:   FromElf.exe V5.06 update 6 (build 750)
CPU DLL:         SARMCM3.DLL V5.27.1.0
Dialog DLL:      DCM.DLL V1.17.2.0
Target DLL:      STLink\ST-LINKIII-KEIL_SWO.dll V3.0.6.0
Dialog DLL:      TCM.DLL V1.36.1.0
 
<h2>Project:</h2>
F:\培训教学\秦工班 2022-09-12\老莫上课资料\语音识别\2.示例程序\Fatfs_HLK20_CODE\PROJECT\NewProject.uvprojx
Project File Date:  09/17/2022

<h2>Output:</h2>
*** Using Compiler 'V5.06 update 6 (build 750)', folder: 'C:\Keil_v5\ARM\ARMCC\Bin'
Build target 'NweProject'
assembling startup_stm32f40_41xxx.s...
compiling system_stm32f4xx.c...
compiling usart1.c...
compiling led.c...
compiling systick.c...
compiling sterilize.c...
compiling beep.c...
compiling rgb.c...
compiling sht30.c...
compiling pwm.c...
compiling main.c...
compiling key.c...
compiling lcd.c...
compiling mlx90614.c...
compiling spi.c...
compiling malloc.c...
compiling scanf_dir.c...
compiling stm32f4xx_rcc.c...
compiling stm32f4xx_gpio.c...
compiling w25qxx.c...
compiling iic.c...
compiling usart3.c...
compiling sd_driver.c...
compiling cc936.c...
compiling ff.c...
compiling misc.c...
compiling stm32f4xx_usart.c...
compiling wm8978.c...
compiling wav.c...
compiling i2s.c...
compiling stm32f4xx_spi.c...
compiling stm32f4xx_dma.c...
compiling stm32f4xx_tim.c...
compiling diskio.c...
..\ff11a\src\diskio.c(72): warning:  #188-D: enumerated type mixed with another type
  		res = SD_ReadDisk(buff, sector, count);
..\ff11a\src\diskio.c(95): warning:  #188-D: enumerated type mixed with another type
  		res = SD_WriteDisk((unsigned char*)buff, sector, count);
..\ff11a\src\diskio.c(115): warning:  #111-D: statement is unreachable
  		switch(cmd)
..\ff11a\src\diskio.c: 3 warnings, 0 errors
compiling wmiic.c...
linking...
Program Size: Code=23346 RO-data=184902 RW-data=156 ZI-data=70604  
FromELF: creating hex file...
".\Objects\NewProject.axf" - 0 Error(s), 3 Warning(s).

<h2>Software Packages used:</h2>

Package Vendor: Keil
                http://www.keil.com/pack/Keil.STM32F4xx_DFP.2.13.0.pack
                Keil.STM32F4xx_DFP.2.13.0
                STMicroelectronics STM32F4 Series Device Support, Drivers and Examples

<h2>Collection of Component include folders:</h2>
  .\RTE\_NweProject
  C:\Users\Administrator\AppData\Local\Arm\Packs\Keil\STM32F4xx_DFP\2.13.0\Drivers\CMSIS\Device\ST\STM32F4xx\Include

<h2>Collection of Component Files used:</h2>
Build Time Elapsed:  00:00:05
</pre>
</body>
</html>
