<html>
<body>
<pre>
<h1>µVision Build Log</h1>
<h2>Tool Versions:</h2>
IDE-Version: ¶ÃVision V5.27.1.0
Copyright (C) 2019 ARM Ltd and ARM Germany GmbH. All rights reserved.
License Information: huiahf ÷‹∏Á∏Á,  «∑Ò, LIC=65ISZ-JH68S-II05V-PDCMG-9RM7F-G5XID
 
Tool Versions:
Toolchain:       MDK-ARM Plus  Version: 5.27.1.0
Toolchain Path:  D:\Keil\ARM\ARMCC\Bin
C Compiler:      Armcc.exe V5.06 update 6 (build 750)
Assembler:       Armasm.exe V5.06 update 6 (build 750)
Linker/Locator:  ArmLink.exe V5.06 update 6 (build 750)
Library Manager: ArmAr.exe V5.06 update 6 (build 750)
Hex Converter:   FromElf.exe V5.06 update 6 (build 750)
CPU DLL:         SARMCM3.DLL V5.27.1.0
Dialog DLL:      DCM.DLL V1.17.2.0
Target DLL:      STLink\ST-LINKIII-KEIL_SWO.dll V3.0.6.0
Dialog DLL:      TCM.DLL V1.36.1.0
 
<h2>Project:</h2>
D:\stm32\WIFI∞¢¿Ô‘∆\project\project.uvprojx
Project File Date:  09/07/2022

<h2>Output:</h2>
*** Using Compiler 'V5.06 update 6 (build 750)', folder: 'D:\Keil\ARM\ARMCC\Bin'
Rebuild target 'project'
assembling startup_stm32f40_41xxx.s...
compiling QMsg.c...
compiling esp8266.c...
..\USER\esp8266\esp8266.c(174): warning:  #177-D: variable "i"  was declared but never referenced
  		u16 i=0;
..\USER\esp8266\esp8266.c(260): warning:  #1293-D: assignment in condition
  	while((*s1++ = *s2++));
..\USER\esp8266\esp8266.c: 2 warnings, 0 errors
compiling system_stm32f4xx.c...
compiling led.c...
compiling systick.c...
compiling main.c...
compiling hmacsha1.c...
compiling key.c...
compiling tim3.c...
compiling motor.c...
compiling adc.c...
compiling SHT31.c...
compiling IIC.c...
compiling usart2.c...
compiling RGB.c...
compiling uart1.c...
..\USER\usart1\uart1.c(18): warning:  #940-D: missing return statement at end of non-void function "_sys_exit" 
  } 
..\USER\usart1\uart1.c(22): warning:  #940-D: missing return statement at end of non-void function "_ttywrch" 
  }
..\USER\usart1\uart1.c: 2 warnings, 0 errors
compiling misc.c...
compiling stm32f4xx_usart.c...
compiling stm32f4xx_syscfg.c...
compiling SPI.c...
compiling w25qxx.c...
compiling stm32f4xx_tim.c...
compiling stm32f4xx_exti.c...
compiling stm32f4xx_rcc.c...
compiling stm32f4xx_adc.c...
compiling stm32f4xx_gpio.c...
compiling stm32f4xx_spi.c...
linking...
Program Size: Code=20412 RO-data=8828 RW-data=348 ZI-data=3180  
".\Objects\project.axf" - 0 Error(s), 4 Warning(s).

<h2>Software Packages used:</h2>

Package Vendor: Keil
                http://www.keil.com/pack/Keil.STM32F4xx_DFP.2.11.0.pack
                Keil.STM32F4xx_DFP.2.11.0
                STMicroelectronics STM32F4 Series Device Support, Drivers and Examples

<h2>Collection of Component include folders:</h2>
  .\RTE\_project
  D:\Keil\Keil\STM32F4xx_DFP\2.11.0\Drivers\CMSIS\Device\ST\STM32F4xx\Include

<h2>Collection of Component Files used:</h2>
Build Time Elapsed:  00:00:07
</pre>
</body>
</html>
