<html>
<body>
<pre>
<h1>礦ision Build Log</h1>
<h2>Tool Versions:</h2>
IDE-Version: μVision V5.27.1.0
Copyright (C) 2019 ARM Ltd and ARM Germany GmbH. All rights reserved.
License Information: huiahf 周哥哥, 是否, LIC=65ISZ-JH68S-II05V-PDCMG-9RM7F-G5XID
 
Tool Versions:
Toolchain:       MDK-ARM Plus  Version: 5.27.1.0
Toolchain Path:  D:\Keil\ARM\ARMCC\Bin
C Compiler:      Armcc.exe V5.06 update 6 (build 750)
Assembler:       Armasm.exe V5.06 update 6 (build 750)
Linker/Locator:  ArmLink.exe V5.06 update 6 (build 750)
Library Manager: ArmAr.exe V5.06 update 6 (build 750)
Hex Converter:   FromElf.exe V5.06 update 6 (build 750)
CPU DLL:         SARMCM3.DLL V5.27.1.0
Dialog DLL:      DCM.DLL V1.17.2.0
Target DLL:      STLink\ST-LINKIII-KEIL_SWO.dll V3.0.6.0
Dialog DLL:      TCM.DLL V1.36.1.0
 
<h2>Project:</h2>
D:\UCOS-LL\4. 操作系统\4.示例程序\Wifi_CODE-内存管理\PROJECT\NewProject.uvprojx
Project File Date:  09/26/2022

<h2>Output:</h2>
*** Using Compiler 'V5.06 update 6 (build 750)', folder: 'D:\Keil\ARM\ARMCC\Bin'
Build target 'NweProject'
assembling startup_stm32f40_41xxx.s...
compiling system_stm32f4xx.c...
compiling sterilize.c...
compiling beep.c...
compiling systick.c...
compiling key.c...
..\USER\KEY\key.c(40): warning:  #177-D: variable "i"  was declared but never referenced
  	int i;
..\USER\KEY\key.c: 1 warning, 0 errors
compiling led.c...
compiling usart1.c...
compiling main.c...
main.c(208): warning:  #167-D: argument of type "void (*)(OS_TMR *, void *)" is incompatible with parameter of type "OS_TMR_CALLBACK"
                        MyCallback,
main.c: 1 warning, 0 errors
compiling sht30.c...
compiling pwm.c...
compiling rgb.c...
compiling iic.c...
compiling spi.c...
compiling lcd.c...
compiling mlx90614.c...
compiling w25qxx.c...
compiling malloc.c...
compiling sd_driver.c...
compiling usart3.c...
compiling usart2.c...
compiling scanf_dir.c...
compiling esp8266.c...
compiling stm32f4xx_gpio.c...
compiling delay.c...
compiling misc.c...
compiling ff.c...
compiling stm32f4xx_rcc.c...
compiling stm32f4xx_usart.c...
compiling stm32f4xx_tim.c...
compiling stm32f4xx_dma.c...
compiling stm32f4xx_spi.c...
compiling cc936.c...
compiling diskio.c...
..\ff11a\src\diskio.c(72): warning:  #188-D: enumerated type mixed with another type
  		res = SD_ReadDisk(buff, sector, count);
..\ff11a\src\diskio.c(95): warning:  #188-D: enumerated type mixed with another type
  		res = SD_WriteDisk((unsigned char*)buff, sector, count);
..\ff11a\src\diskio.c(115): warning:  #111-D: statement is unreachable
  		switch(cmd)
..\ff11a\src\diskio.c: 3 warnings, 0 errors
compiling os_flag.c...
compiling os_core.c...
compiling os_mem.c...
compiling os_mbox.c...
compiling os_q.c...
compiling os_mutex.c...
compiling os_sem.c...
compiling os_task.c...
compiling i2s.c...
assembling os_cpu_a.asm...
compiling os_time.c...
compiling os_tmr.c...
compiling wm8978.c...
compiling wmiic.c...
compiling wav.c...
compiling os_dbg.c...
compiling os_cpu_c.c...
linking...
Program Size: Code=23822 RO-data=8830 RW-data=308 ZI-data=82028  
FromELF: creating hex file...
".\Objects\NewProject.axf" - 0 Error(s), 5 Warning(s).

<h2>Software Packages used:</h2>

Package Vendor: Keil
                http://www.keil.com/pack/Keil.STM32F4xx_DFP.2.11.0.pack
                Keil.STM32F4xx_DFP.2.11.0
                STMicroelectronics STM32F4 Series Device Support, Drivers and Examples

<h2>Collection of Component include folders:</h2>
  .\RTE\_NweProject
  D:\Keil\Keil\STM32F4xx_DFP\2.11.0\Drivers\CMSIS\Device\ST\STM32F4xx\Include

<h2>Collection of Component Files used:</h2>
Build Time Elapsed:  00:00:11
</pre>
</body>
</html>
