<html>
<body>
<pre>
<h1>µVision Build Log</h1>
<h2>Tool Versions:</h2>
IDE-Version: ¦ÌVision V5.27.1.0
Copyright (C) 2019 ARM Ltd and ARM Germany GmbH. All rights reserved.
License Information: 123 237227218@qq.com, 123, LIC=YA39H-WVC1L-X7RRZ-JEV5X-03QTK-XCMB0
 
Tool Versions:
Toolchain:       MDK-ARM Plus  Version: 5.27.1.0
Toolchain Path:  D:\KEIL5\Core\ARM\ARMCC\Bin
C Compiler:      Armcc.exe V5.06 update 6 (build 750)
Assembler:       Armasm.exe V5.06 update 6 (build 750)
Linker/Locator:  ArmLink.exe V5.06 update 6 (build 750)
Library Manager: ArmAr.exe V5.06 update 6 (build 750)
Hex Converter:   FromElf.exe V5.06 update 6 (build 750)
CPU DLL:         SARMCM3.DLL V5.27.1.0
Dialog DLL:      DCM.DLL V1.17.2.0
Target DLL:      STLink\ST-LINKIII-KEIL_SWO.dll V3.0.6.0
Dialog DLL:      TCM.DLL V1.36.1.0
 
<h2>Project:</h2>
C:\Users\23722\Desktop\m4wifi\USART1\project\project.uvprojx
Project File Date:  08/19/2022

<h2>Output:</h2>
*** Using Compiler 'V5.06 update 6 (build 750)', folder: 'D:\KEIL5\Core\ARM\ARMCC\Bin'
Rebuild target 'project'
assembling startup_stm32f40_41xxx.s...
compiling system_stm32f4xx.c...
compiling stm32f4xx_usart.c...
compiling usart2.c...
compiling systick.c...
compiling uart1.c...
..\USER\usart1\uart1.c(18): warning:  #940-D: missing return statement at end of non-void function "_sys_exit" 
  } 
..\USER\usart1\uart1.c(22): warning:  #940-D: missing return statement at end of non-void function "_ttywrch" 
  }
..\USER\usart1\uart1.c: 2 warnings, 0 errors
compiling misc.c...
compiling led.c...
compiling main.c...
Objects\main.c(80): warning:  #111-D: statement is unreachable
  	return 0;
Objects\main.c: 1 warning, 0 errors
compiling key.c...
compiling stm32f4xx_tim.c...
compiling stm32f4xx_rcc.c...
compiling stm32f4xx_syscfg.c...
compiling stm32f4xx_gpio.c...
compiling stm32f4xx_exti.c...
linking...
Program Size: Code=3744 RO-data=424 RW-data=176 ZI-data=1672  
".\Objects\project.axf" - 0 Error(s), 3 Warning(s).

<h2>Software Packages used:</h2>

Package Vendor: Keil
                http://www.keil.com/pack/Keil.STM32F4xx_DFP.2.11.0.pack
                Keil.STM32F4xx_DFP.2.11.0
                STMicroelectronics STM32F4 Series Device Support, Drivers and Examples

<h2>Collection of Component include folders:</h2>
  .\RTE\_project
  D:\KEIL5\Packs\Keil\STM32F4xx_DFP\2.11.0\Drivers\CMSIS\Device\ST\STM32F4xx\Include

<h2>Collection of Component Files used:</h2>
Build Time Elapsed:  00:00:02
</pre>
</body>
</html>
